---
source: tui/src/bottom_pane/chat_composer.rs
expression: terminal.backend()
---
"                          "
"› Ask TokenCode to do any "
"                          "
"                          "
"                          "
"                          "
"                          "
"                          "
"  Plan mode               "
