---
source: tui/src/update_prompt.rs
expression: terminal.backend()
---

  ✨ Update available! 0.0.1 -> 9.9.9

  Release notes: h                                                              
                                                         
› 1. Update now (runs `npm install -g tokencode`)                               
  2. Skip
  3. Skip until next version

  Press enter to continue
